// Jest Snapshot v1, https://goo.gl/fbAQLP

exports[`addMeta create enhancer that can add meta to action functions both async/non-async 1`] = `
Object {
  "service": "some-service",
}
`;

exports[`addMeta create enhancer that can add meta to action functions both async/non-async 2`] = `
Object {
  "service": "some-service",
}
`;

exports[`addMeta throws error if input of addMeta is not an object, e.g. in case the meta is forgotten 1`] = `"input of addMeta needs to be an object"`;

exports[`addMeta throws error if input of addMeta is not an object, e.g. in case the meta is forgotten 2`] = `"input of addMeta needs to be an object"`;
