// Jest Snapshot v1, https://goo.gl/fbAQLP

exports[`toMiddleware handle error in operation function by next(e) thrown error to errorHandler when convert resless operation function of  async 1`] = `
Array [
  Array [
    Object {
      "message": "Not Found",
      "status": 404,
    },
  ],
]
`;

exports[`toMiddleware handle error in operation function by next(e) thrown error to errorHandler when convert resless operation function of  non-async 1`] = `
Array [
  Array [
    Object {
      "message": "Not Found",
      "status": 404,
    },
  ],
]
`;
